20 source games to scan (0 already in results/bank2/pilot.scan.jsonl), rounds 3-1..5-1, 1 workers; harness f01c26cf1a091e91614a1c5fd9384850335a30e0
08:03:20 stance@rule:2,mimic:1,mimicfc:1,fast8:1,stance:1,stance+hold:1#9400: streak4@4-1 ref41@4-1 (18s; 19 left, 19s so far)
08:03:38 stance@rule:2,mimic:1,mimicfc:1,fast8:1,stance:1,stance+hold:1#9401: lowhp4@4-7 ref41@4-1 (18s; 18 left, 37s so far)
08:03:52 stance@rule:2,mimic:1,mimicfc:1,fast8:1,stance:1,stance+hold:1#9402: pairs3@3-3 lowhp4@4-1 ref41@4-1; hero out at 4-6 (13s; 17 left, 51s so far)
08:04:08 stance@rule:2,mimic:1,mimicfc:1,fast8:1,stance:1,stance+hold:1#9403: pairs3@3-2 ref41@4-1 (16s; 16 left, 67s so far)
08:04:25 stance@rule:2,mimic:1,mimicfc:1,fast8:1,stance:1,stance+hold:1#9404: pairs3@3-5 streak4@4-1 ref41@4-1 (17s; 15 left, 84s so far)
08:04:45 stance@rule:2,mimic:1,mimicfc:1,fast8:1,stance:1,stance+hold:1#9405: pairs3@3-2 streak4@4-1 ref41@4-1 (20s; 14 left, 104s so far)
08:05:11 stance@rule:2,mimic:1,mimicfc:1,fast8:1,stance:1,stance+hold:1#9406: ref41@4-1 (26s; 13 left, 130s so far)
08:05:32 stance@rule:2,mimic:1,mimicfc:1,fast8:1,stance:1,stance+hold:1#9407: streak4@4-1 ref41@4-1 (20s; 12 left, 150s so far)
08:05:52 stance@rule:2,mimic:1,mimicfc:1,fast8:1,stance:1,stance+hold:1#9408: streak4@4-1 ref41@4-1 (20s; 11 left, 171s so far)
08:06:13 stance@rule:2,mimic:1,mimicfc:1,fast8:1,stance:1,stance+hold:1#9409: pairs3@3-2 ref41@4-1 (21s; 10 left, 192s so far)
08:06:39 stance@rule:2,mimic:1,mimicfc:1,fast8:1,stance:1,stance+hold:1#9410: streak4@4-1 ref41@4-1 (26s; 9 left, 218s so far)
08:07:01 stance@rule:2,mimic:1,mimicfc:1,fast8:1,stance:1,stance+hold:1#9411: pairs3@3-2 streak4@4-1 losing3@3-1 ref41@4-1 (21s; 8 left, 239s so far)
08:07:24 stance@rule:2,mimic:1,mimicfc:1,fast8:1,stance:1,stance+hold:1#9412: pairs3@3-3 streak4@4-2 ref41@4-1 (24s; 7 left, 263s so far)
08:07:52 stance@rule:2,mimic:1,mimicfc:1,fast8:1,stance:1,stance+hold:1#9413: pairs3@3-2 streak4@4-1 ref41@4-1 (28s; 6 left, 291s so far)
08:08:12 stance@rule:2,mimic:1,mimicfc:1,fast8:1,stance:1,stance+hold:1#9414: streak4@4-1 ref41@4-1 (20s; 5 left, 311s so far)
08:08:35 stance@rule:2,mimic:1,mimicfc:1,fast8:1,stance:1,stance+hold:1#9415: ref41@4-1 (22s; 4 left, 334s so far)
08:09:00 stance@rule:2,mimic:1,mimicfc:1,fast8:1,stance:1,stance+hold:1#9416: pairs3@3-5 ref41@4-1 (25s; 3 left, 358s so far)
08:09:23 stance@rule:2,mimic:1,mimicfc:1,fast8:1,stance:1,stance+hold:1#9417: pairs3@3-3 streak4@4-2 lowhp4@4-7 ref41@4-1 (23s; 2 left, 382s so far)
08:09:45 stance@rule:2,mimic:1,mimicfc:1,fast8:1,stance:1,stance+hold:1#9418: pairs3@3-5 streak4@4-1 lowhp4@4-6 ref41@4-1 (22s; 1 left, 403s so far)
08:10:01 stance@rule:2,mimic:1,mimicfc:1,fast8:1,stance:1,stance+hold:1#9419: pairs3@3-5 lowhp4@4-6 ref41@4-1 (16s; 0 left, 419s so far)
20 source games scanned (21s a game)
  pairs3   fired in  12 games (60%)  rounds 3-2:5 3-3:3 3-5:4  (not fired: 8 reached the window, 0 hero out first)
  streak4  fired in  12 games (60%)  rounds 4-1:10 4-2:2  (not fired: 8 reached the window, 0 hero out first)
  losing3  fired in   1 games (5%)  rounds 3-1:1  (not fired: 19 reached the window, 0 hero out first)
  lowhp4   fired in   5 games (25%)  rounds 4-1:1 4-6:2 4-7:2  (not fired: 15 reached the window, 0 hero out first)
  ref41    fired in  20 games (100%)  rounds 4-1:20  (not fired: 0 reached the window, 0 hero out first)
