4 items to build (0 already in results/bank/pilot.jsonl), up to 48 branches, 2 workers; harness fc1776163bf226901b5d6d7fd01853d807411f45, rules set4
18:44:36 stance@rule:7#9101@4-1: ambiguous, best fast8, regrets save:+2.50 fast8:+0.00 roll:+1.00 (777.16s, 63.15s a branch; 3 left, 777s so far)
18:47:09 stance@rule:7#9101@3-2: ambiguous, best save, regrets save:+0.00 level:+3.00 roll:-0.50 (929.58s, 76.75s a branch; 2 left, 930s so far)
18:55:05 stance@rule:7#9102@4-1: ambiguous, best roll, regrets save:-0.50 fast8:-0.50 roll:+0.00 (475.73s, 38.22s a branch; 1 left, 1405s so far)
18:57:11 stance@rule:7#9102@3-2: ambiguous, best save, regrets save:+0.00 level:+0.00 roll:+0.00 (754.55s, 62.19s a branch; 0 left, 1532s so far)
{
 "built": 4,
 "dropped": {},
 "usable": 4,
 "clear": 0,
 "per_point": {
  "3-2": {
   "clear": 0,
   "ambiguous": 2
  },
  "3-5": {
   "clear": 0,
   "ambiguous": 0
  },
  "4-1": {
   "clear": 0,
   "ambiguous": 2
  },
  "4-5": {
   "clear": 0,
   "ambiguous": 0
  },
  "5-1": {
   "clear": 0,
   "ambiguous": 0
  }
 },
 "games": 2,
 "splits": {
  "dev": 2,
  "heldout": 2
 },
 "branch_seconds_mean": 60.07729166666667
}
